[backblue.gif]
[fade.gif]
[index.html]
[html5.gamedistribution.com/rvvASMiM/cbb7ea34724d4362b38352bfb90ac63c/appmanifest.json]
[html5.gamedistribution.com/rvvASMiM/cbb7ea34724d4362b38352bfb90ac63c/icons/icon-128.png]
[html5.gamedistribution.com/rvvASMiM/cbb7ea34724d4362b38352bfb90ac63c/icons/icon-256.png]
[html5.gamedistribution.com/rvvASMiM/cbb7ea34724d4362b38352bfb90ac63c/icons/icon-512.png]
[html5.gamedistribution.com/rvvASMiM/cbb7ea34724d4362b38352bfb90ac63c/opus.js]
[html5.gamedistribution.com/rvvASMiM/cbb7ea34724d4362b38352bfb90ac63c/index.html]
[html5.gamedistribution.com/rvvASMiM/cbb7ea34724d4362b38352bfb90ac63c/style.css]
[html5.gamedistribution.com/rvvASMiM/cbb7ea34724d4362b38352bfb90ac63c/opus.js]
[html5.gamedistribution.com/rvvASMiM/cbb7ea34724d4362b38352bfb90ac63c/c2runtime.js]
[html5.gamedistribution.com/rvvASMiM/cbb7ea34724d4362b38352bfb90ac63c/GET]
[html5.gamedistribution.com/rvvASMiM/cbb7ea34724d4362b38352bfb90ac63c/data.js]
[html5.gamedistribution.com/rvvASMiM/cbb7ea34724d4362b38352bfb90ac63c/loading-logo.png]
[html5.gamedistribution.com/rvvASMiM/cbb7ea34724d4362b38352bfb90ac63c/splash-images/splash-poweredby-512.png]
[html5.gamedistribution.com/rvvASMiM/cbb7ea34724d4362b38352bfb90ac63c/splash-images/splash-poweredby-256.png]
[html5.gamedistribution.com/rvvASMiM/cbb7ea34724d4362b38352bfb90ac63c/splash-images/splash-poweredby-128.png]
[html5.gamedistribution.com/rvvASMiM/cbb7ea34724d4362b38352bfb90ac63c/splash-images/splash-website-512.png]
[html5.gamedistribution.com/rvvASMiM/cbb7ea34724d4362b38352bfb90ac63c/splash-images/splash-website-256.png]
[html5.gamedistribution.com/rvvASMiM/cbb7ea34724d4362b38352bfb90ac63c/splash-images/splash-website-128.png]
[html5.gamedistribution.com/rvvASMiM/cbb7ea34724d4362b38352bfb90ac63c/_C2SaveStates]
[html5.gamedistribution.com/rvvASMiM/cbb7ea34724d4362b38352bfb90ac63c/ABCDEFGHIJKLMNOPQRSTUVWXYZabcdefghijklmnopqrstuvwxyz0123456789+/index.html]
[html5.gamedistribution.com/rvvASMiM/cbb7ea34724d4362b38352bfb90ac63c/offlineClient.js]
[html5.gamedistribution.com/rvvASMiM/cbb7ea34724d4362b38352bfb90ac63c/Custom driver not compliant; see https_/mozilla.github.io/localForage/index.html]
[html5.gamedistribution.com/rvvASMiM/cbb7ea34724d4362b38352bfb90ac63c/c2runtime.js]
[html5.gamedistribution.com/rvvASMiM/cbb7ea34724d4362b38352bfb90ac63c/start.js]
[html5.gamedistribution.com/rvvASMiM/cbb7ea34724d4362b38352bfb90ac63c/register-sw.js]
[html5.gamedistribution.com/rvvASMiM/cbb7ea34724d4362b38352bfb90ac63c/sw.js]
[html5.api.gamedistribution.com/main.min.js]
[html5.gamedistribution.com/rvvASMiM/cbb7ea34724d4362b38352bfb90ac63c/data.js]
[html5.gamedistribution.com/rvvASMiM/cbb7ea34724d4362b38352bfb90ac63c/Error fetching data.js]
[html5.gamedistribution.com/rvvASMiM/cbb7ea34724d4362b38352bfb90ac63c/splash-images/splash-logo.svg]
[html5.gamedistribution.com/rvvASMiM/cbb7ea34724d4362b38352bfb90ac63c/offlineClient.js]
[html5.gamedistribution.com/rvvASMiM/cbb7ea34724d4362b38352bfb90ac63c/fonts/index.html]
[html5.gamedistribution.com/rvvASMiM/cbb7ea34724d4362b38352bfb90ac63c/offline.js]
[html5.gamedistribution.com/rvvASMiM/cbb7ea34724d4362b38352bfb90ac63c/event.request.url]
[html5.gamedistribution.com/rvvASMiM/cbb7ea34724d4362b38352bfb90ac63c/sw.js]
[html5.gamedistribution.com/rvvASMiM/cbb7ea34724d4362b38352bfb90ac63c/media/index.html]
[html5.gamedistribution.com/rvvASMiM/cbb7ea34724d4362b38352bfb90ac63c/icons/index.html]
[html5.gamedistribution.com/rvvASMiM/cbb7ea34724d4362b38352bfb90ac63c/images/explosion_floor-sheet0.png]
[html5.gamedistribution.com/rvvASMiM/cbb7ea34724d4362b38352bfb90ac63c/images/explosion_floor-sheet1.png]
[html5.gamedistribution.com/rvvASMiM/cbb7ea34724d4362b38352bfb90ac63c/images/shared-0-sheet0.png]
[html5.gamedistribution.com/rvvASMiM/cbb7ea34724d4362b38352bfb90ac63c/images/player-sheet0.png]
[html5.gamedistribution.com/rvvASMiM/cbb7ea34724d4362b38352bfb90ac63c/images/player-sheet1.png]
[html5.gamedistribution.com/rvvASMiM/cbb7ea34724d4362b38352bfb90ac63c/images/shared-1-sheet3.png]
[html5.gamedistribution.com/rvvASMiM/cbb7ea34724d4362b38352bfb90ac63c/images/shared-1-sheet0.png]
[html5.gamedistribution.com/rvvASMiM/cbb7ea34724d4362b38352bfb90ac63c/images/shared-1-sheet2.png]
[html5.gamedistribution.com/rvvASMiM/cbb7ea34724d4362b38352bfb90ac63c/images/shared-1-sheet1.png]
[html5.gamedistribution.com/rvvASMiM/cbb7ea34724d4362b38352bfb90ac63c/images/shared-0-sheet1.png]
[html5.gamedistribution.com/rvvASMiM/cbb7ea34724d4362b38352bfb90ac63c/images/shared-0-sheet2.png]
[html5.gamedistribution.com/rvvASMiM/cbb7ea34724d4362b38352bfb90ac63c/images/shared-0-sheet3.png]
[html5.gamedistribution.com/rvvASMiM/cbb7ea34724d4362b38352bfb90ac63c/images/shared-0-sheet5.png]
[html5.gamedistribution.com/rvvASMiM/cbb7ea34724d4362b38352bfb90ac63c/images/shared-0-sheet4.png]
[html5.gamedistribution.com/rvvASMiM/cbb7ea34724d4362b38352bfb90ac63c/images/shared-0-sheet7.png]
[html5.gamedistribution.com/rvvASMiM/cbb7ea34724d4362b38352bfb90ac63c/images/shared-0-sheet6.png]
[html5.gamedistribution.com/rvvASMiM/cbb7ea34724d4362b38352bfb90ac63c/images/shared-0-sheet8.png]
[html5.gamedistribution.com/rvvASMiM/cbb7ea34724d4362b38352bfb90ac63c/images/shared-0-sheet12.png]
[html5.gamedistribution.com/rvvASMiM/cbb7ea34724d4362b38352bfb90ac63c/images/shared-0-sheet9.png]
[html5.gamedistribution.com/rvvASMiM/cbb7ea34724d4362b38352bfb90ac63c/images/shared-0-sheet10.png]
[html5.gamedistribution.com/rvvASMiM/cbb7ea34724d4362b38352bfb90ac63c/images/shared-0-sheet11.png]
[html5.gamedistribution.com/rvvASMiM/cbb7ea34724d4362b38352bfb90ac63c/images/shared-0-sheet13.png]
[html5.gamedistribution.com/rvvASMiM/cbb7ea34724d4362b38352bfb90ac63c/images/player-sheet2.png]
[html5.gamedistribution.com/rvvASMiM/cbb7ea34724d4362b38352bfb90ac63c/images/player-sheet3.png]
[html5.gamedistribution.com/rvvASMiM/cbb7ea34724d4362b38352bfb90ac63c/images/shared-0-sheet14.png]
[html5.gamedistribution.com/rvvASMiM/cbb7ea34724d4362b38352bfb90ac63c/images/shared-0-sheet15.png]
[html5.gamedistribution.com/rvvASMiM/cbb7ea34724d4362b38352bfb90ac63c/images/player-sheet4.png]
[html5.gamedistribution.com/rvvASMiM/cbb7ea34724d4362b38352bfb90ac63c/opus.asm.js]
[html5.gamedistribution.com/rvvASMiM/cbb7ea34724d4362b38352bfb90ac63c/opus.wasm.js]
[html5.gamedistribution.com/rvvASMiM/cbb7ea34724d4362b38352bfb90ac63c/icons/icon-16.png]
[html5.gamedistribution.com/rvvASMiM/cbb7ea34724d4362b38352bfb90ac63c/icons/icon-32.png]
[html5.gamedistribution.com/rvvASMiM/cbb7ea34724d4362b38352bfb90ac63c/icons/icon-64.png]
[html5.gamedistribution.com/rvvASMiM/cbb7ea34724d4362b38352bfb90ac63c/icons/icon-114.png]
[html5.gamedistribution.com/rvvASMiM/cbb7ea34724d4362b38352bfb90ac63c/icons/loading-logo.png]
[html5.gamedistribution.com/rvvASMiM/cbb7ea34724d4362b38352bfb90ac63c/offline.js]
[html5.gamedistribution.com/rvvASMiM/cbb7ea34724d4362b38352bfb90ac63c/opus.asm.js]
[html5.gamedistribution.com/rvvASMiM/cbb7ea34724d4362b38352bfb90ac63c/opus.wasm.js]
