[shellshockers.today/index106a.html]
[shellshockers.today/img/logo.svg]
[shellshockers.today/img/BlueWizard-Logo-min.png]
[backblue.gif]
[fade.gif]
[index.html]
[shellshockers.today/GET]
[shellshockers.today/firebaseLocalStorageDb]
[shellshockers.today/favicon.ico]
[shellshockers.today/favicon192.png]
[shellshockers.today/favicon256.png]
[cdnjs.cloudflare.com/ajax/libs/font-awesome/5.14.0/css/all.min.css]
[shellshockers.today/styles/transitions2c4d.css]
[shellshockers.today/styles/forms54a9.css]
[shellshockers.today/styles/style54a9.css]
[shellshockers.today/styles/game54a9.css]
[sdk.crazygames.com/crazygames-sdk-v1.js]
[www.gstatic.com/firebasejs/9.17.2/firebase-app-compat.js]
[www.gstatic.com/firebasejs/9.17.2/firebase-auth-compat.js]
[www.gstatic.com/firebasejs/ui/6.0.2/firebase-ui-auth.js]
[connect.facebook.net/en_US/fbevents.js]
[api.adinplay.com/libs/aiptag/pub/SSK/shellshock.io/tag.min.js]
[shellshockers.today/js/vue/vue.min.2.6.10.js]
[shellshockers.today/js/screenShotcaf9.js]
[shellshockers.today/index.html]
[shellshockers.today/img/chicken-nugget/chw-loot-btn.png]
[shellshockers.today/img/eggPose05.png]
[shellshockers.today/js/shellshockc4a7.js]
[shellshockers.today/img/eggPose01.png]
[shellshockers.today/img/black-friday-banner.jpg]
[shellshockers.today/img/vip-club/vip-club-popup-emblem.png]
[shellshockers.today/img/shellshockers-unite-lg.png]
[shellshockers.today/img/events/shell-mobile-popup-bg-qr.png]
[shellshockers.today/img/kotc/kotc-wordmark.svg]
[shellshockers.today/img/kotc/kotc-arrow.svg]
[shellshockers.today/img/kotc/kotc-rooster.svg]
[shellshockers.today/img/kotc/kotc-crown.svg]
[shellshockers.today/img/scavenger-800x600.png]
[shellshockers.today/img/tutorial/ss_tutorial_Keyboard.png]
[shellshockers.today/img/tutorial/ss_tutorial_Mouse.png]
[shellshockers.today/img/tutorial/ss_tutorial_EggTarget.png]
[shellshockers.today/img/controller/button_stickleft.svg]
[shellshockers.today/img/controller/button_stickright.svg]
[shellshockers.today/img/controller/button_dpadup.svg]
[shellshockers.today/img/controller/button_dpaddown.svg]
[shellshockers.today/img/controller/button_dpadleft.svg]
[shellshockers.today/img/controller/button_dpadright.svg]
[shellshockers.today/img/controller/button_circle.svg]
[shellshockers.today/img/controller/button_square.svg]
[shellshockers.today/img/controller/button_triangle.svg]
[shellshockers.today/img/shellShockers_loadingTipEgg.png]
[shellshockers.today/img/ico_goldenEgg.svg]
[shellshockers.today/img/chicken-nugget/goldenNugget_static.png]
[shellshockers.today/img/free-games-io.png]
[shellshockers.today/img/egg-org/logo_EggOrg.svg]
[shellshockers.today/img/chicken-nugget/ssAd_chicknWinner800x600-min.png]
[shellshockers.today/img/svg/ico-arrow-colorPicker.svg]
[shellshockers.today/img/pricetag_left.png]
[shellshockers.today/img/pricetag_right.png]
[shellshockers.today/lockButtonInfo().class]
[shellshockers.today/img/kotc/crown.svg]
[shellshockers.today/img/ico_grenadeEmpty3860.png]
[shellshockers.today/img/hardBoiledEmpty.png]
[shellshockers.today/img/hardBoiledFilled.png]
[shellshockers.today/img/ico_eggBreaker.png]
[shellshockers.today/img/spatulaIcon.png]
[shellshockers.today/img/photo-booth/ico_shelfieStars.svg]
[shellshockers.today/img/egg_pack_small.png]
[shellshockers.today/img/svg/ico_goldenEgg.svg]
[shellshockers.today/img/photo-booth/maps/${url}.jpg]
[shellshockers.today/index106a.html]
[shellshockers.today/img/logo.svg]
[shellshockers.today/GET.html]
[shellshockers.today/firebaseLocalStorageDb.html]
[shellshockers.today/favicon256.html]
[cdnjs.cloudflare.com/ajax/libs/font-awesome/5.14.0/css/all.min.css]
[shellshockers.today/styles/transitions2c4d.css]
[shellshockers.today/styles/forms54a9.css]
[shellshockers.today/unblocked/index.html]
[shellshockers.today/styles/img/ico_chicken.png]
[shellshockers.today/img/ico_twitch.png]
[shellshockers.today/img/ico_youtube.png]
[shellshockers.today/img/twitch-drops/twitch-reward-popup-bg.png]
[shellshockers.today/img/vip-club/vip-club-popup-background.png]
[shellshockers.today/img/vip-club/vip-club-popup-bullet-point-star.png]
[shellshockers.today/img/vip-club/vip-banner.png]
[shellshockers.today/img/kotc/kotc-bg-popup.png]
[shellshockers.today/img/kotc/kotc-screenshot-one.png]
[shellshockers.today/img/kotc/kotc-screenshot-two.png]
[shellshockers.today/img/tutorial/ss_tutorial_Star.png]
[shellshockers.today/styles/style54a9.css]
[shellshockers.today/img/ico_streak.png]
[shellshockers.today/img/ico_ammo.png]
[shellshockers.today/img/scope.png]
[shellshockers.today/styles/game54a9.css]
[www.googletagmanager.com/gtm5445.html]
[www.gstatic.com/images/icons/material/system/2x/done_googgreen_36dp.png]
[www.gstatic.com/images/icons/material/system/1x/arrow_drop_down_grey600_18dp.png]
[www.gstatic.com/firebasejs/ui/2.0.0/images/auth/flags_sprite_2x.png]
[www.gstatic.com/images/icons/material/system/1x/visibility_black_24dp.png]
[www.gstatic.com/images/icons/material/system/1x/visibility_off_black_24dp.png]
[www.gstatic.com/firebasejs/ui/2.0.0/images/auth/success_status.png]
[www.gstatic.com/firebasejs/ui/6.0.2/firebase-ui-auth.css]
[shellshockers.today/a]
[shellshockers.today/POST]
[shellshockers.today/b.resolvedLink]
[shellshockers.today/signals/iwl.js]
[shellshockers.today/schema.org/index.html]
[connect.facebook.net/en_US/fbevents.js]
[shellshockers.today/index.html]
[shellshockers.today/img/kotc/kotc-wordmark.svg]
[shellshockers.today/img/kotc/kotc-arrow.svg]
[shellshockers.today/img/kotc/kotc-rooster.svg]
[shellshockers.today/img/kotc/kotc-crown.svg]
[shellshockers.today/img/controller/button_stickleft.svg]
[shellshockers.today/img/controller/button_stickright.svg]
[shellshockers.today/img/controller/button_dpadup.svg]
[shellshockers.today/img/controller/button_dpaddown.svg]
[shellshockers.today/img/controller/button_dpadleft.svg]
[shellshockers.today/img/controller/button_dpadright.svg]
[shellshockers.today/img/controller/button_circle.svg]
[shellshockers.today/img/controller/button_square.svg]
[shellshockers.today/img/controller/button_triangle.svg]
[shellshockers.today/img/ico_goldenEgg.svg]
[shellshockers.today/img/egg-org/logo_EggOrg.svg]
[shellshockers.today/img/svg/ico-arrow-colorPicker.svg]
[shellshockers.today/lockButtonInfo().html]
[shellshockers.today/img/kotc/crown.svg]
[shellshockers.today/img/photo-booth/ico_shelfieStars.svg]
[shellshockers.today/img/svg/ico_goldenEgg.svg]
[shellshockers.today/img/photo-booth/maps/${url}.html]
[shellshockers.today/unblocked/image.png]
[shellshockers.today/favicon.svg]
[shellshockers.today/apple-touch-icon.png]
[shellshockers.today/unblocked/styles/style.css]
[shellshockers.today/unblocked/css/third-party-appsd41d.css]
[www.google-analytics.com/analytics.js]
[shellshockers.today/unblocked/index.html]
[shellshockers.today/styles/img/ico_chicken.html]
[shellshockers.today/a.html]
[shellshockers.today/POST.html]
[shellshockers.today/schema.org/index.html]
[shellshockers.today/b.html]
[shellshockers.today/signals/iwl.html]
[shellshockers.today/unblocked/image.html]
[shellshockers.today/favicon.html]
[shellshockers.today/apple-touch-icon.html]
[shellshockers.today/unblocked/styles/style.css]
[shellshockers.today/unblocked/css/third-party-appsd41d.html]
[shellshockers.today/unblocked/js/scripts.js]
